0 verbose cli C:\nvm4w\nodejs\node.exe C:\Users\USUARIO\AppData\Local\nvm\v20.13.1\node_modules\npm\bin\npm-cli.js
1 info using npm@10.5.2
2 info using node@v20.13.1
3 timing npm:load:whichnode Completed in 2ms
4 timing config:load:defaults Completed in 2ms
5 timing config:load:file:C:\Users\USUARIO\AppData\Local\nvm\v20.13.1\node_modules\npm\npmrc Completed in 1ms
6 timing config:load:builtin Completed in 2ms
7 timing config:load:cli Completed in 3ms
8 timing config:load:env Completed in 0ms
9 timing config:load:file:C:\Users\USUARIO\Desktop\dk-fitt-mobile\.npmrc Completed in 0ms
10 timing config:load:project Completed in 2ms
11 timing config:load:file:C:\Users\USUARIO\.npmrc Completed in 0ms
12 timing config:load:user Completed in 1ms
13 timing config:load:file:C:\Users\USUARIO\AppData\Roaming\npm\etc\npmrc Completed in 0ms
14 timing config:load:global Completed in 0ms
15 timing config:load:setEnvs Completed in 2ms
16 timing config:load Completed in 13ms
17 timing npm:load:configload Completed in 13ms
18 timing config:load:flatten Completed in 3ms
19 timing npm:load:mkdirpcache Completed in 1ms
20 timing npm:load:mkdirplogs Completed in 1ms
21 verbose title npm exec expo prebuild -p android --no-install
22 verbose argv "exec" "--yes" "--" "expo" "prebuild" "-p" "android" "--no-install"
23 timing npm:load:setTitle Completed in 1ms
24 timing npm:load:display Completed in 1ms
25 verbose logfile logs-max:10 dir:C:\Users\USUARIO\Desktop\dk-fitt-mobile\.npm-cache\_logs\2026-05-28T15_19_52_765Z-
26 verbose logfile C:\Users\USUARIO\Desktop\dk-fitt-mobile\.npm-cache\_logs\2026-05-28T15_19_52_765Z-debug-0.log
27 timing npm:load:logFile Completed in 4ms
28 timing npm:load:timers Completed in 0ms
29 timing npm:load:configScope Completed in 0ms
30 timing npm:load Completed in 56ms
31 silly logfile done cleaning log files
32 timing command:exec Completed in 8318ms
33 verbose exit 0
34 timing npm Completed in 8943ms
35 info ok
